// Jest Snapshot v1, https://goo.gl/fbAQLP

exports[`Popup renders correctly 1`] = `
<Popup
  afterClose={[MockFunction]}
  destroy={true}
  direction="bottom"
  onMaskClick={[MockFunction]}
/>
`;

exports[`Popup renders mount node correctly 1`] = `
<Popup
  afterClose={[MockFunction]}
  destroy={true}
  direction="bottom"
  getContainer={[Function]}
  onMaskClick={[MockFunction]}
  visible={true}
>
  <Portal
    afterClose={[MockFunction]}
    animationDuration={200}
    animationType="fade"
    destroy={true}
    direction="bottom"
    getContainer={[Function]}
    handlePortalUnmount={[Function]}
    mask={true}
    maskType="normal"
    onMaskClick={[MockFunction]}
    prefixCls="za-popup"
    visible={true}
  >
    <Portal
      containerInfo={
        <div
          class="popup-container"
        >
          <div
            class="za-mask za-fade-enter za-mask--normal"
            style="animation-duration: 200ms;"
          />
          <div
            class="za-popup__wrapper"
            role="dialog"
          >
            <div
              class="za-popup za-popup--bottom za-popup--show"
              role="document"
              style="transition-duration: 200ms; transition-property: transform;"
            >
              foo
            </div>
          </div>
        </div>
      }
    >
      <Mask
        className="za-fade-enter"
        prefixCls="za-mask"
        style={
          Object {
            "WebkitAnimationDuration": "200ms",
            "animationDuration": "200ms",
          }
        }
        type="normal"
        visible={true}
      >
        <div
          className="za-mask za-fade-enter za-mask--normal"
          style={
            Object {
              "WebkitAnimationDuration": "200ms",
              "animationDuration": "200ms",
            }
          }
        />
      </Mask>
      <div
        className="za-popup__wrapper"
        onClick={[Function]}
        role="dialog"
        style={Object {}}
      >
        <div
          className="za-popup za-popup--bottom"
          role="document"
          style={
            Object {
              "WebkitTransitionDuration": "200ms",
              "WebkitTransitionProperty": "transform",
              "transitionDuration": "200ms",
              "transitionProperty": "transform",
            }
          }
        >
          foo
        </div>
      </div>
    </Portal>
  </Portal>
</Popup>
`;
